[backblue.gif]
[fade.gif]
[index.html]
[ce-recovery.suels.net/index.html]
[ce-recovery.suels.net/home.html]
[ce-recovery.suels.net/cardozo_styles.css]
[ce-recovery.suels.net/images/logos/apple-touch-icon.png]
[ce-recovery.suels.net/images/logos/favicon-32x32.png]
[ce-recovery.suels.net/images/logos/favicon-16x16.png]
[ce-recovery.suels.net/images/logos/safari-pinned-tab.svg]
[ce-recovery.suels.net/images/logos/favicon.ico]
[ce-recovery.suels.net/images/logos/browserconfig.xml]
[ce-recovery.suels.net/images/card_rollovers_06-over.jpg]
[ce-recovery.suels.net/images/card_rollovers_07-over.jpg]
[ce-recovery.suels.net/images/card_rollovers_08-over.jpg]
[ce-recovery.suels.net/images/card_rollovers_09-over.jpg]
[ce-recovery.suels.net/images/card_rollovers_10-over.jpg]
[ce-recovery.suels.net/images/cardozo_topbanner.jpg]
[ce-recovery.suels.net/images/Water.gif]
[ce-recovery.suels.net/images/cardozo_top_nav_bg.jpg]
[ce-recovery.suels.net/images/cardozo_top_nav_midbar.jpg]
[ce-recovery.suels.net/page_handler7381.html]
[ce-recovery.suels.net/page_handler9517.html]
[ce-recovery.suels.net/page_handlerf185.html]
[ce-recovery.suels.net/page_handler06da.html]
[ce-recovery.suels.net/page_handlera1c2.html]
[ce-recovery.suels.net/images/cardozo_top_nav_separator.jpg]
[ce-recovery.suels.net/CardozoHOMEanim.mp4]
[ce-recovery.suels.net/images/card_rollovers_01.jpg]
[ce-recovery.suels.net/images/card_rollovers_02.jpg]
[ce-recovery.suels.net/images/card_rollovers_03.jpg]
[ce-recovery.suels.net/images/card_rollovers_04.jpg]
[ce-recovery.suels.net/images/card_rollovers_05.jpg]
[ce-recovery.suels.net/images/card_rollovers_06.jpg]
[ce-recovery.suels.net/images/card_rollovers_07.jpg]
[ce-recovery.suels.net/images/card_rollovers_08.jpg]
[ce-recovery.suels.net/images/card_rollovers_09.jpg]
[ce-recovery.suels.net/images/card_rollovers_10.jpg]
[ce-recovery.suels.net/images/OurCompany.gif]
[ce-recovery.suels.net/cdn-cgi/l/email-protection.html]
[ce-recovery.suels.net/cdn-cgi/scripts/5c5dd728/cloudflare-static/email-decode.min.js]
[ce-recovery.suels.net/home.html]
[ce-recovery.suels.net/images/card_left_nav_ON.jpg]
[ce-recovery.suels.net/cardozo_styles.css]
[ce-recovery.suels.net/images/logos/site.html]
[ce-recovery.suels.net/images/logos/safari-pinned-tab.svg]
[ce-recovery.suels.net/images/card_left_nav_imgstrip.jpg]
[ce-recovery.suels.net/page_handlerb4e6.html]
[ce-recovery.suels.net/page_handler20e0.html]
[ce-recovery.suels.net/page_handler5587.html]
[ce-recovery.suels.net/page_handler5d33.html]
[ce-recovery.suels.net/page_handler259c.html]
[ce-recovery.suels.net/page_handler1be3.html]
[ce-recovery.suels.net/images/ContBarGen.gif]
[ce-recovery.suels.net/page_handler7381.html]
[ce-recovery.suels.net/page_handler1784.html]
[ce-recovery.suels.net/page_handlercf11.html]
[ce-recovery.suels.net/page_handler930a.html]
[ce-recovery.suels.net/page_handler7168.html]
[ce-recovery.suels.net/page_handlere042.html]
[ce-recovery.suels.net/page_handler9517.html]
[ce-recovery.suels.net/page_handlerf185.html]
[ce-recovery.suels.net/page_handler06da.html]
[ce-recovery.suels.net/page_handlera1c2.html]
[ce-recovery.suels.net/cdn-cgi/l/email-protection.html]
[ce-recovery.suels.net/page_handlerb4e6.html]
[ce-recovery.suels.net/page_handler20e0.html]
[ce-recovery.suels.net/page_handler5587.html]
[ce-recovery.suels.net/page_handler5d33.html]
[ce-recovery.suels.net/page_handler259c.html]
[ce-recovery.suels.net/page_handler1be3.html]
[ce-recovery.suels.net/page_handler1784.html]
[ce-recovery.suels.net/page_handlercf11.html]
[ce-recovery.suels.net/page_handler930a.html]
[ce-recovery.suels.net/page_handler7168.html]
[ce-recovery.suels.net/page_handlere042.html]
